2026-10-05T01:50:51Z MANIFEST_OK entries=9 manifest_sha256=078d5f816f5496a83df5fc66f33b7850eedcfe014dcdfc7911b6d3171a67c176
2026-10-05T01:50:51Z N01 GET https://registry.npmjs.org/yaml/-/yaml-2.9.1.tgz
2026-10-05T01:50:51Z N01 ACQUISITION_RECORDED bytes=112114 sri=MATCH sha256=4ef6c54cf559b8a207b7b518378230805a1c84af239b14960e8c67c7d59de5d3 time=0.145377s ct=unknown
2026-10-05T01:50:51Z N02 GET https://registry.npmjs.org/jsonc-parser/-/jsonc-parser-3.3.1.tgz
2026-10-05T01:50:51Z N02 ACQUISITION_RECORDED bytes=27354 sri=MATCH sha256=4a0315b8671e7463bae7af7c142cdf19e9aa7ba39eb36dc2df383b8648e3cbc9 time=0.089107s ct=unknown
2026-10-05T01:50:51Z N03 GET https://registry.npmjs.org/@redocly/cli/-/cli-2.57.0.tgz
2026-10-05T01:50:52Z N03 ACQUISITION_RECORDED bytes=2820414 sri=MATCH sha256=1bd67ffd126b063899629f13eccc8f772df3339f92640cc4968814acd0e021c0 time=0.495417s ct=unknown
2026-10-05T01:50:52Z N04 GET https://registry.npmjs.org/ajv/-/ajv-8.20.0.tgz
2026-10-05T01:50:52Z N04 ACQUISITION_RECORDED bytes=217611 sri=MATCH sha256=b2f0b3a893bbb8cc5efb6814f08b1499e19e31d5dd73683f5893382f48f6e7b3 time=0.135872s ct=unknown
2026-10-05T01:50:52Z N05 GET https://registry.npmjs.org/ajv-formats/-/ajv-formats-3.0.1.tgz
2026-10-05T01:50:52Z N05 ACQUISITION_RECORDED bytes=15999 sri=MATCH sha256=f4d6980fd367381fd29199066911e863db8d97496613b6c2c5b91563a150acc5 time=0.105421s ct=unknown
2026-10-05T01:50:52Z N06 GET https://registry.npmjs.org/fast-deep-equal/-/fast-deep-equal-3.1.3.tgz
2026-10-05T01:50:52Z N06 ACQUISITION_RECORDED bytes=3656 sri=MATCH sha256=b019a0980f27638dc3f85836b0e478f188e00d7a6e5852c0819fa86f56e47b8f time=0.085401s ct=unknown
2026-10-05T01:50:52Z N07 GET https://registry.npmjs.org/fast-uri/-/fast-uri-3.1.8.tgz
2026-10-05T01:50:53Z N07 ACQUISITION_RECORDED bytes=44269 sri=MATCH sha256=86be033b406a7737c0521edc8fe3e15c7ac0cb6b5e509478cc9539a2efaa086c time=0.085509s ct=unknown
2026-10-05T01:50:53Z N08 GET https://registry.npmjs.org/json-schema-traverse/-/json-schema-traverse-1.0.0.tgz
2026-10-05T01:50:53Z N08 ACQUISITION_RECORDED bytes=6074 sri=MATCH sha256=023222622df29fc274bde5d3590e47aa1d4a8e3c1d6e2aba029948ed79799b21 time=0.097158s ct=unknown
2026-10-05T01:50:53Z N09 GET https://registry.npmjs.org/require-from-string/-/require-from-string-2.0.2.tgz
2026-10-05T01:50:53Z N09 ACQUISITION_RECORDED bytes=1816 sri=MATCH sha256=cb694a4965908f7775a0c757f00cf4e624d193cd71d77988fbcca0f597b88d82 time=0.098248s ct=unknown
2026-10-05T01:50:53Z ACQUISITION_COMPLETE 9/9 aggregate_bytes=3249307
