# G-OAS npm offline install verification — run 20261006T041741Z
date_utc=2026-10-06T04:19:23Z
node=v26.7.0
npm=11.19.0
node_path=/home/cristiansrc/.local/share/mise/installs/node/26.7.0/bin/node
npm_path=/home/cristiansrc/.local/share/mise/installs/node/26.7.0/bin/npm
java_on_path_default=openjdk version "26.0.2.1" 2026-08-18 [NOT INVOKED for build/run]

## effective isolated config
cache=/mnt/data/Shares/Projects/entralo-workspace/tools/goas/.npm-cache
userconfig=/mnt/data/Shares/Projects/entralo-workspace/tools/goas/.npmrc.user
globalconfig=/mnt/data/Shares/Projects/entralo-workspace/tools/goas/.npmrc.global
offline=true
ignore-scripts=true
audit=false
fund=false
update-notifier=false

## hashes
bcd93c3a5706162b86d3a94c664f29f2d9ed24397b9942510b36978178693468  /mnt/data/Shares/Projects/entralo-workspace/tools/goas/package.json
486d24afc5f07f9ec1f1f06b8e5df47694bacd6202da20ac1a551775572e2e8b  /mnt/data/Shares/Projects/entralo-workspace/tools/goas/package-lock.json
10436a4a3dc7705feea277ed0bb7791966338ce501db3dea1a8d692a89b65b59  /mnt/data/Shares/Projects/entralo-workspace/tools/goas/.npmrc
196d61aa4795f5319c55dc2a44c276c420205eb6958053902e609a23e2428e05  /mnt/data/Shares/Projects/entralo-workspace/tools/goas/.npmrc.user
55fad794e5bed7159ea5418f18e45f6f3be8fd1319424315a5764f0e00461ef9  /mnt/data/Shares/Projects/entralo-workspace/tools/goas/.npmrc.global

## vendored tarball paths + SHA-256
b2f0b3a893bbb8cc5efb6814f08b1499e19e31d5dd73683f5893382f48f6e7b3  /mnt/data/Shares/Projects/entralo-workspace/tools/goas/vendor/tarballs/ajv-8.20.0.tgz
f4d6980fd367381fd29199066911e863db8d97496613b6c2c5b91563a150acc5  /mnt/data/Shares/Projects/entralo-workspace/tools/goas/vendor/tarballs/ajv-formats-3.0.1.tgz
b019a0980f27638dc3f85836b0e478f188e00d7a6e5852c0819fa86f56e47b8f  /mnt/data/Shares/Projects/entralo-workspace/tools/goas/vendor/tarballs/fast-deep-equal-3.1.3.tgz
86be033b406a7737c0521edc8fe3e15c7ac0cb6b5e509478cc9539a2efaa086c  /mnt/data/Shares/Projects/entralo-workspace/tools/goas/vendor/tarballs/fast-uri-3.1.8.tgz
4a0315b8671e7463bae7af7c142cdf19e9aa7ba39eb36dc2df383b8648e3cbc9  /mnt/data/Shares/Projects/entralo-workspace/tools/goas/vendor/tarballs/jsonc-parser-3.3.1.tgz
023222622df29fc274bde5d3590e47aa1d4a8e3c1d6e2aba029948ed79799b21  /mnt/data/Shares/Projects/entralo-workspace/tools/goas/vendor/tarballs/json-schema-traverse-1.0.0.tgz
1bd67ffd126b063899629f13eccc8f772df3339f92640cc4968814acd0e021c0  /mnt/data/Shares/Projects/entralo-workspace/tools/goas/vendor/tarballs/redocly-cli-2.57.0.tgz
cb694a4965908f7775a0c757f00cf4e624d193cd71d77988fbcca0f597b88d82  /mnt/data/Shares/Projects/entralo-workspace/tools/goas/vendor/tarballs/require-from-string-2.0.2.tgz
4ef6c54cf559b8a207b7b518378230805a1c84af239b14960e8c67c7d59de5d3  /mnt/data/Shares/Projects/entralo-workspace/tools/goas/vendor/tarballs/yaml-2.9.1.tgz

## node_modules size (bytes)
11918688	/mnt/data/Shares/Projects/entralo-workspace/tools/goas/node_modules
14M	/mnt/data/Shares/Projects/entralo-workspace/tools/goas/node_modules

## npm ls --all --offline
goas-tooling@0.0.0 /mnt/data/Shares/Projects/entralo-workspace/tools/goas
├── @redocly/cli@2.57.0
├─┬ ajv-formats@3.0.1
│ └── ajv@8.20.0 deduped
├─┬ ajv@8.20.0
│ ├── fast-deep-equal@3.1.3 deduped
│ ├── fast-uri@3.1.8 deduped
│ ├── json-schema-traverse@1.0.0 deduped
│ └── require-from-string@2.0.2 deduped
├── fast-deep-equal@3.1.3
├── fast-uri@3.1.8
├── json-schema-traverse@1.0.0
├── jsonc-parser@3.3.1
├── require-from-string@2.0.2
└── yaml@2.9.1


## npm ls ajv ajv-formats --offline
goas-tooling@0.0.0 /mnt/data/Shares/Projects/entralo-workspace/tools/goas
├─┬ ajv-formats@3.0.1
│ └── ajv@8.20.0 deduped
└── ajv@8.20.0


## external resolved URLs in lock
0
0
